// Jest Snapshot v1, https://goo.gl/fbAQLP

exports[`debugging snapshots 1`] = `"hello"`;

exports[`debugging snapshots 2`] = `
{
  "j": 2,
}
`;
