// Jest Snapshot v1, https://goo.gl/fbAQLP

exports[`snapshots in different directory 1`] = `1`;
